current directory: /mnt/d/RailsProject/portal_app/vendor/bundle/ruby/3.2.0/gems/ed25519-1.4.0/ext/ed25519_ref10
/usr/bin/ruby3.2 -I/usr/lib/ruby/vendor_ruby extconf.rb
checking for whether -Wall is accepted as CFLAGS... yes
checking for whether -O3 is accepted as CFLAGS... yes
checking for whether -pedantic is accepted as CFLAGS... no
checking for whether -std=c99 is accepted as CFLAGS... yes
creating Makefile

current directory: /mnt/d/RailsProject/portal_app/vendor/bundle/ruby/3.2.0/gems/ed25519-1.4.0/ext/ed25519_ref10
make DESTDIR\= sitearchdir\=./.gem.20260213-63606-pf1thi sitelibdir\=./.gem.20260213-63606-pf1thi clean

current directory: /mnt/d/RailsProject/portal_app/vendor/bundle/ruby/3.2.0/gems/ed25519-1.4.0/ext/ed25519_ref10
make DESTDIR\= sitearchdir\=./.gem.20260213-63606-pf1thi sitelibdir\=./.gem.20260213-63606-pf1thi
compiling ed25519_ref10.c
compiling fe.c
compiling ge.c
compiling keypair.c
compiling open.c
compiling sc_muladd.c
compiling sc_reduce.c
compiling sha512.c
compiling sign.c
compiling verify.c
linking shared-object ed25519_ref10.so

current directory: /mnt/d/RailsProject/portal_app/vendor/bundle/ruby/3.2.0/gems/ed25519-1.4.0/ext/ed25519_ref10
make DESTDIR\= sitearchdir\=./.gem.20260213-63606-pf1thi sitelibdir\=./.gem.20260213-63606-pf1thi install
make: Warning: File 'ed25519_ref10.so' has modification time 0.019 s in the future
/usr/bin/install -c -m 0755 ed25519_ref10.so ./.gem.20260213-63606-pf1thi
make: warning:  Clock skew detected.  Your build may be incomplete.

current directory: /mnt/d/RailsProject/portal_app/vendor/bundle/ruby/3.2.0/gems/ed25519-1.4.0/ext/ed25519_ref10
make DESTDIR\= sitearchdir\=./.gem.20260213-63606-pf1thi sitelibdir\=./.gem.20260213-63606-pf1thi clean
