current directory: /mnt/d/RailsProject/portal_app/vendor/bundle/ruby/3.2.0/gems/json-2.18.1/ext/json/ext/parser
/usr/bin/ruby3.2 -I/usr/lib/ruby/vendor_ruby extconf.rb
checking for rb_enc_interned_str() in ruby/encoding.h... yes
checking for rb_str_to_interned_str() in ruby.h... yes
checking for rb_hash_new_capa() in ruby.h... yes
checking for rb_hash_bulk_insert() in ruby.h... yes
checking for whether -std=c99 is accepted as CFLAGS... yes
checking for x86intrin.h... yes
checking for cpuid.h... yes
creating Makefile

current directory: /mnt/d/RailsProject/portal_app/vendor/bundle/ruby/3.2.0/gems/json-2.18.1/ext/json/ext/parser
make DESTDIR\= sitearchdir\=./.gem.20260213-63606-jme8ko sitelibdir\=./.gem.20260213-63606-jme8ko clean

current directory: /mnt/d/RailsProject/portal_app/vendor/bundle/ruby/3.2.0/gems/json-2.18.1/ext/json/ext/parser
make DESTDIR\= sitearchdir\=./.gem.20260213-63606-jme8ko sitelibdir\=./.gem.20260213-63606-jme8ko
compiling parser.c
linking shared-object json/ext/parser.so

current directory: /mnt/d/RailsProject/portal_app/vendor/bundle/ruby/3.2.0/gems/json-2.18.1/ext/json/ext/parser
make DESTDIR\= sitearchdir\=./.gem.20260213-63606-jme8ko sitelibdir\=./.gem.20260213-63606-jme8ko install
make: Warning: File 'parser.so' has modification time 0.011 s in the future
/usr/bin/install -c -m 0755 parser.so ./.gem.20260213-63606-jme8ko/json/ext
make: warning:  Clock skew detected.  Your build may be incomplete.

current directory: /mnt/d/RailsProject/portal_app/vendor/bundle/ruby/3.2.0/gems/json-2.18.1/ext/json/ext/parser
make DESTDIR\= sitearchdir\=./.gem.20260213-63606-jme8ko sitelibdir\=./.gem.20260213-63606-jme8ko clean
