current directory: /mnt/d/RailsProject/portal_app/vendor/bundle/ruby/3.2.0/gems/websocket-driver-0.8.0/ext/websocket-driver
/usr/bin/ruby3.2 -I/usr/lib/ruby/vendor_ruby extconf.rb
creating Makefile

current directory: /mnt/d/RailsProject/portal_app/vendor/bundle/ruby/3.2.0/gems/websocket-driver-0.8.0/ext/websocket-driver
make DESTDIR\= sitearchdir\=./.gem.20260213-63606-fby3sy sitelibdir\=./.gem.20260213-63606-fby3sy clean
make: Warning: File 'Makefile' has modification time 0.028 s in the future
make: warning:  Clock skew detected.  Your build may be incomplete.

current directory: /mnt/d/RailsProject/portal_app/vendor/bundle/ruby/3.2.0/gems/websocket-driver-0.8.0/ext/websocket-driver
make DESTDIR\= sitearchdir\=./.gem.20260213-63606-fby3sy sitelibdir\=./.gem.20260213-63606-fby3sy
make: Warning: File 'Makefile' has modification time 0.0034 s in the future
compiling websocket_mask.c
linking shared-object websocket_mask.so
make: warning:  Clock skew detected.  Your build may be incomplete.

current directory: /mnt/d/RailsProject/portal_app/vendor/bundle/ruby/3.2.0/gems/websocket-driver-0.8.0/ext/websocket-driver
make DESTDIR\= sitearchdir\=./.gem.20260213-63606-fby3sy sitelibdir\=./.gem.20260213-63606-fby3sy install
make: Warning: File 'websocket_mask.so' has modification time 0.035 s in the future
/usr/bin/install -c -m 0755 websocket_mask.so ./.gem.20260213-63606-fby3sy
make: warning:  Clock skew detected.  Your build may be incomplete.

current directory: /mnt/d/RailsProject/portal_app/vendor/bundle/ruby/3.2.0/gems/websocket-driver-0.8.0/ext/websocket-driver
make DESTDIR\= sitearchdir\=./.gem.20260213-63606-fby3sy sitelibdir\=./.gem.20260213-63606-fby3sy clean
