current directory: /mnt/d/RailsProject/portal_app/vendor/bundle/ruby/3.2.0/gems/date-3.5.1/ext/date
/usr/bin/ruby3.2 -I/usr/lib/ruby/vendor_ruby extconf.rb
checking for rb_category_warn()... yes
checking for timezone in time.h with  -Werror... yes
checking for altzone in time.h with  -Werror... no
creating Makefile

current directory: /mnt/d/RailsProject/portal_app/vendor/bundle/ruby/3.2.0/gems/date-3.5.1/ext/date
make DESTDIR\= sitearchdir\=./.gem.20260213-63606-mqulbg sitelibdir\=./.gem.20260213-63606-mqulbg clean

current directory: /mnt/d/RailsProject/portal_app/vendor/bundle/ruby/3.2.0/gems/date-3.5.1/ext/date
make DESTDIR\= sitearchdir\=./.gem.20260213-63606-mqulbg sitelibdir\=./.gem.20260213-63606-mqulbg
compiling date_core.c
compiling date_parse.c
compiling date_strftime.c
compiling date_strptime.c
linking shared-object date_core.so

current directory: /mnt/d/RailsProject/portal_app/vendor/bundle/ruby/3.2.0/gems/date-3.5.1/ext/date
make DESTDIR\= sitearchdir\=./.gem.20260213-63606-mqulbg sitelibdir\=./.gem.20260213-63606-mqulbg install
make: Warning: File 'date_core.so' has modification time 0.011 s in the future
/usr/bin/install -c -m 0755 date_core.so ./.gem.20260213-63606-mqulbg
make: warning:  Clock skew detected.  Your build may be incomplete.

current directory: /mnt/d/RailsProject/portal_app/vendor/bundle/ruby/3.2.0/gems/date-3.5.1/ext/date
make DESTDIR\= sitearchdir\=./.gem.20260213-63606-mqulbg sitelibdir\=./.gem.20260213-63606-mqulbg clean
