current directory: /mnt/d/RailsProject/portal_app/vendor/bundle/ruby/3.2.0/gems/psych-5.3.1/ext/psych
/usr/bin/ruby3.2 -I/usr/lib/ruby/vendor_ruby extconf.rb
checking for yaml.h... yes
checking for yaml_get_version() in -lyaml... yes
creating Makefile

current directory: /mnt/d/RailsProject/portal_app/vendor/bundle/ruby/3.2.0/gems/psych-5.3.1/ext/psych
make DESTDIR\= sitearchdir\=./.gem.20260213-63606-um44b5 sitelibdir\=./.gem.20260213-63606-um44b5 clean
make: Warning: File 'Makefile' has modification time 0.013 s in the future
cd libyaml && make clean
/bin/sh: 1: cd: can't cd to libyaml
make: [Makefile:283: clean-so] Error 2 (ignored)
make: warning:  Clock skew detected.  Your build may be incomplete.

current directory: /mnt/d/RailsProject/portal_app/vendor/bundle/ruby/3.2.0/gems/psych-5.3.1/ext/psych
make DESTDIR\= sitearchdir\=./.gem.20260213-63606-um44b5 sitelibdir\=./.gem.20260213-63606-um44b5
compiling psych.c
compiling psych_emitter.c
compiling psych_parser.c
compiling psych_to_ruby.c
compiling psych_yaml_tree.c
linking shared-object psych.so

current directory: /mnt/d/RailsProject/portal_app/vendor/bundle/ruby/3.2.0/gems/psych-5.3.1/ext/psych
make DESTDIR\= sitearchdir\=./.gem.20260213-63606-um44b5 sitelibdir\=./.gem.20260213-63606-um44b5 install
/usr/bin/install -c -m 0755 psych.so ./.gem.20260213-63606-um44b5

current directory: /mnt/d/RailsProject/portal_app/vendor/bundle/ruby/3.2.0/gems/psych-5.3.1/ext/psych
make DESTDIR\= sitearchdir\=./.gem.20260213-63606-um44b5 sitelibdir\=./.gem.20260213-63606-um44b5 clean
cd libyaml && make clean
/bin/sh: 1: cd: can't cd to libyaml
make: [Makefile:283: clean-so] Error 2 (ignored)
